// Jest Snapshot v1, https://goo.gl/fbAQLP

exports[`CardCatalog snapshot should always match the snapshot 1`] = `
ShallowWrapper {
  "length": 1,
  Symbol(enzyme.__root__): [Circular],
  Symbol(enzyme.__unrendered__): <Card
    ancestralWeapons={
        Array [
            "bar",
          ]
    }
    coatOfArms="someCoat"
    founded="someTime"
    houseWords="word"
    name="someName"
    seats={
        Array [
            "seat",
            "seat 2",
          ]
    }
    titles={
        Array [
            "title",
            "title2",
          ]
    }
/>,
  Symbol(enzyme.__renderer__): Object {
    "batchedUpdates": [Function],
    "getNode": [Function],
    "render": [Function],
    "simulateEvent": [Function],
    "unmount": [Function],
  },
  Symbol(enzyme.__node__): Object {
    "instance": null,
    "key": null,
    "nodeType": "host",
    "props": Object {
      "children": <div
        className="inner-card"
>
        <h2>
                someName
        </h2>
        <h3>
                Founded: 
                someTime
        </h3>
        <ul>
                <li>
                         
                        Seats
                        : 
                        seat
                </li>
                <li>
                         
                        Seats
                        : 
                        seat 2
                </li>
        </ul>
        <ul>
                <li>
                         
                        Titles
                        : 
                        title
                </li>
                <li>
                         
                        Titles
                        : 
                        title2
                </li>
        </ul>
        <p>
                Coat Of Arms: 
                someCoat
        </p>
        <ul>
                <li>
                         
                        Ancestral Weapons
                        : 
                        bar
                </li>
        </ul>
        <p>
                Words: 
                word
        </p>
</div>,
      "className": "Card",
    },
    "ref": null,
    "rendered": Object {
      "instance": null,
      "key": null,
      "nodeType": "host",
      "props": Object {
        "children": Array [
          <h2>
            someName
</h2>,
          <h3>
            Founded: 
            someTime
</h3>,
          <ul>
            <li>
                         
                        Seats
                        : 
                        seat
            </li>
            <li>
                         
                        Seats
                        : 
                        seat 2
            </li>
</ul>,
          <ul>
            <li>
                         
                        Titles
                        : 
                        title
            </li>
            <li>
                         
                        Titles
                        : 
                        title2
            </li>
</ul>,
          <p>
            Coat Of Arms: 
            someCoat
</p>,
          <ul>
            <li>
                         
                        Ancestral Weapons
                        : 
                        bar
            </li>
</ul>,
          <p>
            Words: 
            word
</p>,
        ],
        "className": "inner-card",
      },
      "ref": null,
      "rendered": Array [
        Object {
          "instance": null,
          "key": null,
          "nodeType": "host",
          "props": Object {
            "children": "someName",
          },
          "ref": null,
          "rendered": "someName",
          "type": "h2",
        },
        Object {
          "instance": null,
          "key": null,
          "nodeType": "host",
          "props": Object {
            "children": Array [
              "Founded: ",
              "someTime",
            ],
          },
          "ref": null,
          "rendered": Array [
            "Founded: ",
            "someTime",
          ],
          "type": "h3",
        },
        Object {
          "instance": null,
          "key": null,
          "nodeType": "host",
          "props": Object {
            "children": Array [
              <li>
                 
                Seats
                : 
                seat
</li>,
              <li>
                 
                Seats
                : 
                seat 2
</li>,
            ],
          },
          "ref": null,
          "rendered": Array [
            Object {
              "instance": null,
              "key": "seat",
              "nodeType": "host",
              "props": Object {
                "children": Array [
                  " ",
                  "Seats",
                  ": ",
                  "seat",
                ],
              },
              "ref": null,
              "rendered": Array [
                " ",
                "Seats",
                ": ",
                "seat",
              ],
              "type": "li",
            },
            Object {
              "instance": null,
              "key": "seat 2",
              "nodeType": "host",
              "props": Object {
                "children": Array [
                  " ",
                  "Seats",
                  ": ",
                  "seat 2",
                ],
              },
              "ref": null,
              "rendered": Array [
                " ",
                "Seats",
                ": ",
                "seat 2",
              ],
              "type": "li",
            },
          ],
          "type": "ul",
        },
        Object {
          "instance": null,
          "key": null,
          "nodeType": "host",
          "props": Object {
            "children": Array [
              <li>
                 
                Titles
                : 
                title
</li>,
              <li>
                 
                Titles
                : 
                title2
</li>,
            ],
          },
          "ref": null,
          "rendered": Array [
            Object {
              "instance": null,
              "key": "title",
              "nodeType": "host",
              "props": Object {
                "children": Array [
                  " ",
                  "Titles",
                  ": ",
                  "title",
                ],
              },
              "ref": null,
              "rendered": Array [
                " ",
                "Titles",
                ": ",
                "title",
              ],
              "type": "li",
            },
            Object {
              "instance": null,
              "key": "title2",
              "nodeType": "host",
              "props": Object {
                "children": Array [
                  " ",
                  "Titles",
                  ": ",
                  "title2",
                ],
              },
              "ref": null,
              "rendered": Array [
                " ",
                "Titles",
                ": ",
                "title2",
              ],
              "type": "li",
            },
          ],
          "type": "ul",
        },
        Object {
          "instance": null,
          "key": null,
          "nodeType": "host",
          "props": Object {
            "children": Array [
              "Coat Of Arms: ",
              "someCoat",
            ],
          },
          "ref": null,
          "rendered": Array [
            "Coat Of Arms: ",
            "someCoat",
          ],
          "type": "p",
        },
        Object {
          "instance": null,
          "key": null,
          "nodeType": "host",
          "props": Object {
            "children": Array [
              <li>
                 
                Ancestral Weapons
                : 
                bar
</li>,
            ],
          },
          "ref": null,
          "rendered": Array [
            Object {
              "instance": null,
              "key": "bar",
              "nodeType": "host",
              "props": Object {
                "children": Array [
                  " ",
                  "Ancestral Weapons",
                  ": ",
                  "bar",
                ],
              },
              "ref": null,
              "rendered": Array [
                " ",
                "Ancestral Weapons",
                ": ",
                "bar",
              ],
              "type": "li",
            },
          ],
          "type": "ul",
        },
        Object {
          "instance": null,
          "key": null,
          "nodeType": "host",
          "props": Object {
            "children": Array [
              "Words: ",
              "word",
            ],
          },
          "ref": null,
          "rendered": Array [
            "Words: ",
            "word",
          ],
          "type": "p",
        },
      ],
      "type": "div",
    },
    "type": "div",
  },
  Symbol(enzyme.__nodes__): Array [
    Object {
      "instance": null,
      "key": null,
      "nodeType": "host",
      "props": Object {
        "children": <div
          className="inner-card"
>
          <h2>
                    someName
          </h2>
          <h3>
                    Founded: 
                    someTime
          </h3>
          <ul>
                    <li>
                               
                              Seats
                              : 
                              seat
                    </li>
                    <li>
                               
                              Seats
                              : 
                              seat 2
                    </li>
          </ul>
          <ul>
                    <li>
                               
                              Titles
                              : 
                              title
                    </li>
                    <li>
                               
                              Titles
                              : 
                              title2
                    </li>
          </ul>
          <p>
                    Coat Of Arms: 
                    someCoat
          </p>
          <ul>
                    <li>
                               
                              Ancestral Weapons
                              : 
                              bar
                    </li>
          </ul>
          <p>
                    Words: 
                    word
          </p>
</div>,
        "className": "Card",
      },
      "ref": null,
      "rendered": Object {
        "instance": null,
        "key": null,
        "nodeType": "host",
        "props": Object {
          "children": Array [
            <h2>
              someName
</h2>,
            <h3>
              Founded: 
              someTime
</h3>,
            <ul>
              <li>
                             
                            Seats
                            : 
                            seat
              </li>
              <li>
                             
                            Seats
                            : 
                            seat 2
              </li>
</ul>,
            <ul>
              <li>
                             
                            Titles
                            : 
                            title
              </li>
              <li>
                             
                            Titles
                            : 
                            title2
              </li>
</ul>,
            <p>
              Coat Of Arms: 
              someCoat
</p>,
            <ul>
              <li>
                             
                            Ancestral Weapons
                            : 
                            bar
              </li>
</ul>,
            <p>
              Words: 
              word
</p>,
          ],
          "className": "inner-card",
        },
        "ref": null,
        "rendered": Array [
          Object {
            "instance": null,
            "key": null,
            "nodeType": "host",
            "props": Object {
              "children": "someName",
            },
            "ref": null,
            "rendered": "someName",
            "type": "h2",
          },
          Object {
            "instance": null,
            "key": null,
            "nodeType": "host",
            "props": Object {
              "children": Array [
                "Founded: ",
                "someTime",
              ],
            },
            "ref": null,
            "rendered": Array [
              "Founded: ",
              "someTime",
            ],
            "type": "h3",
          },
          Object {
            "instance": null,
            "key": null,
            "nodeType": "host",
            "props": Object {
              "children": Array [
                <li>
                   
                  Seats
                  : 
                  seat
</li>,
                <li>
                   
                  Seats
                  : 
                  seat 2
</li>,
              ],
            },
            "ref": null,
            "rendered": Array [
              Object {
                "instance": null,
                "key": "seat",
                "nodeType": "host",
                "props": Object {
                  "children": Array [
                    " ",
                    "Seats",
                    ": ",
                    "seat",
                  ],
                },
                "ref": null,
                "rendered": Array [
                  " ",
                  "Seats",
                  ": ",
                  "seat",
                ],
                "type": "li",
              },
              Object {
                "instance": null,
                "key": "seat 2",
                "nodeType": "host",
                "props": Object {
                  "children": Array [
                    " ",
                    "Seats",
                    ": ",
                    "seat 2",
                  ],
                },
                "ref": null,
                "rendered": Array [
                  " ",
                  "Seats",
                  ": ",
                  "seat 2",
                ],
                "type": "li",
              },
            ],
            "type": "ul",
          },
          Object {
            "instance": null,
            "key": null,
            "nodeType": "host",
            "props": Object {
              "children": Array [
                <li>
                   
                  Titles
                  : 
                  title
</li>,
                <li>
                   
                  Titles
                  : 
                  title2
</li>,
              ],
            },
            "ref": null,
            "rendered": Array [
              Object {
                "instance": null,
                "key": "title",
                "nodeType": "host",
                "props": Object {
                  "children": Array [
                    " ",
                    "Titles",
                    ": ",
                    "title",
                  ],
                },
                "ref": null,
                "rendered": Array [
                  " ",
                  "Titles",
                  ": ",
                  "title",
                ],
                "type": "li",
              },
              Object {
                "instance": null,
                "key": "title2",
                "nodeType": "host",
                "props": Object {
                  "children": Array [
                    " ",
                    "Titles",
                    ": ",
                    "title2",
                  ],
                },
                "ref": null,
                "rendered": Array [
                  " ",
                  "Titles",
                  ": ",
                  "title2",
                ],
                "type": "li",
              },
            ],
            "type": "ul",
          },
          Object {
            "instance": null,
            "key": null,
            "nodeType": "host",
            "props": Object {
              "children": Array [
                "Coat Of Arms: ",
                "someCoat",
              ],
            },
            "ref": null,
            "rendered": Array [
              "Coat Of Arms: ",
              "someCoat",
            ],
            "type": "p",
          },
          Object {
            "instance": null,
            "key": null,
            "nodeType": "host",
            "props": Object {
              "children": Array [
                <li>
                   
                  Ancestral Weapons
                  : 
                  bar
</li>,
              ],
            },
            "ref": null,
            "rendered": Array [
              Object {
                "instance": null,
                "key": "bar",
                "nodeType": "host",
                "props": Object {
                  "children": Array [
                    " ",
                    "Ancestral Weapons",
                    ": ",
                    "bar",
                  ],
                },
                "ref": null,
                "rendered": Array [
                  " ",
                  "Ancestral Weapons",
                  ": ",
                  "bar",
                ],
                "type": "li",
              },
            ],
            "type": "ul",
          },
          Object {
            "instance": null,
            "key": null,
            "nodeType": "host",
            "props": Object {
              "children": Array [
                "Words: ",
                "word",
              ],
            },
            "ref": null,
            "rendered": Array [
              "Words: ",
              "word",
            ],
            "type": "p",
          },
        ],
        "type": "div",
      },
      "type": "div",
    },
  ],
  Symbol(enzyme.__options__): Object {
    "adapter": ReactFifteenAdapter {
      "options": Object {
        "supportPrevContextArgumentOfComponentDidUpdate": true,
      },
    },
  },
}
`;
